         ps       /uni_projektas_tb/arrIndex    
          delta                                 
          0  +0                            0 
   10050000  +4                            1 
   10150000  +4                            2 
   10250000  +4                            3 
   10350000  +4                            4 
   10450000  +4                            5 
   10550000  +4                            6 
   10650000  +4                            7 
   10750000  +4                            8 
   10850000  +4                            9 
   10950000  +4                           10 
   11050000  +4                           11 
   11150000  +4                           12 
   11250000  +4                           13 
   11350000  +4                           14 
   11450000  +4                           15 
   11550000  +4                           16 
   11650000  +4                           17 
   11750000  +4                           18 
   11850000  +4                           19 
   11950000  +4                           20 
   12050000  +4                           21 
   12150000  +4                           22 
   12250000  +4                           23 
   12350000  +4                           24 
   12450000  +4                           25 
   12550000  +4                           26 
   12650000  +4                           27 
   12750000  +4                           28 
   12850000  +4                           29 
   12950000  +4                           30 
   13050000  +4                           31 
   13150000  +4                           32 
   13250000  +4                           33 
   13350000  +4                           34 
   13450000  +4                           35 
   13550000  +4                           36 
   13650000  +4                           37 
   13750000  +4                           38 
   13850000  +4                           39 
   13950000  +4                           40 
   14050000  +4                           41 
   14150000  +4                           42 
   14250000  +4                           43 
   14350000  +4                           44 
   14450000  +4                           45 
   14550000  +4                           46 
   14650000  +4                           47 
   14750000  +4                           48 
   14850000  +4                           49 
   14950000  +4                           50 
   15050000  +4                           51 
   15150000  +4                           52 
   15250000  +4                           53 
   15350000  +4                           54 
   15450000  +4                           55 
   15550000  +4                           56 
   15650000  +4                           57 
   15750000  +4                           58 
   15850000  +4                           59 
   15950000  +4                           60 
   16050000  +4                           61 
   16150000  +4                           62 
   16250000  +4                           63 
   16350000  +4                           64 
   16450000  +4                           65 
   16550000  +4                           66 
   16650000  +4                           67 
   16750000  +4                           68 
   16850000  +4                           69 
   16950000  +4                           70 
   17050000  +4                           71 
   17150000  +4                           72 
   17250000  +4                           73 
   17350000  +4                           74 
   17450000  +4                           75 
   17550000  +4                           76 
   17650000  +4                           77 
   17750000  +4                           78 
   17850000  +4                           79 
   17950000  +4                           80 
   18050000  +4                           81 
   18150000  +4                           82 
   18250000  +4                           83 
   18350000  +4                           84 
   18450000  +4                           85 
   18550000  +4                           86 
   18650000  +4                           87 
   18750000  +4                           88 
   18850000  +4                           89 
   18950000  +4                           90 
   19050000  +4                           91 
   19150000  +4                           92 
   19250000  +4                           93 
   19350000  +4                           94 
   19450000  +4                           95 
   19550000  +4                           96 
   19650000  +4                           97 
   19750000  +4                           98 
   19850000  +4                           99 
   19950000  +4                          100 
   20050000  +4                          101 
   20150000  +4                          102 
   20250000  +4                          103 
   20350000  +4                          104 
   20450000  +4                          105 
   20550000  +4                          106 
   20650000  +4                          107 
   20750000  +4                          108 
   20850000  +4                          109 
   20950000  +4                          110 
   21050000  +4                          111 
   21150000  +4                          112 
   21250000  +4                          113 
   21350000  +4                          114 
   21450000  +4                          115 
   21550000  +4                          116 
   21650000  +4                          117 
   21750000  +4                          118 
   21850000  +4                          119 
   21950000  +4                          120 
   22050000  +4                          121 
   22150000  +4                          122 
   22250000  +4                          123 
   22350000  +4                          124 
   22450000  +4                          125 
   22550000  +4                          126 
   22650000  +4                          127 
   22750000  +4                          128 
   22850000  +4                          129 
   22950000  +4                          130 
   23050000  +4                          131 
   23150000  +4                          132 
   23250000  +4                          133 
   23350000  +4                          134 
   23450000  +4                          135 
   23550000  +4                          136 
   23650000  +4                          137 
   23750000  +4                          138 
   23850000  +4                          139 
   23950000  +4                          140 
   24050000  +4                          141 
   24150000  +4                          142 
   24250000  +4                          143 
   24350000  +4                          144 
   24450000  +4                          145 
   24550000  +4                          146 
   24650000  +4                          147 
   24750000  +4                          148 
   24850000  +4                          149 
   24950000  +4                          150 
   25050000  +4                          151 
   25150000  +4                          152 
   25250000  +4                          153 
   25350000  +4                          154 
   25450000  +4                          155 
   25550000  +4                          156 
   25650000  +4                          157 
   25750000  +4                          158 
   25850000  +4                          159 
   25950000  +4                          160 
   26050000  +4                          161 
   26150000  +4                          162 
   26250000  +4                          163 
   26350000  +4                          164 
   26450000  +4                          165 
   26550000  +4                          166 
   26650000  +4                          167 
   26750000  +4                          168 
   26850000  +4                          169 
   26950000  +4                          170 
   27050000  +4                          171 
   27150000  +4                          172 
   27250000  +4                          173 
   27350000  +4                          174 
   27450000  +4                          175 
   27550000  +4                          176 
   27650000  +4                          177 
   27750000  +4                          178 
   27850000  +4                          179 
   27950000  +4                          180 
   28050000  +4                          181 
   28150000  +4                          182 
   28250000  +4                          183 
   28350000  +4                          184 
   28450000  +4                          185 
   28550000  +4                          186 
   28650000  +4                          187 
   28750000  +4                          188 
   28850000  +4                          189 
   28950000  +4                          190 
   29050000  +4                          191 
   29150000  +4                          192 
   29250000  +4                          193 
   29350000  +4                          194 
