Analysis & Synthesis report for Uni_Projektas
Thu Apr 20 11:30:14 2023
Quartus II 64-Bit Version 13.0.1 Build 232 06/12/2013 Service Pack 1 SJ Web Edition


---------------------
; Table of Contents ;
---------------------
  1. Legal Notice
  2. Analysis & Synthesis Summary
  3. Analysis & Synthesis Settings
  4. Parallel Compilation
  5. Analysis & Synthesis Source Files Read
  6. Analysis & Synthesis Resource Usage Summary
  7. Analysis & Synthesis Resource Utilization by Entity
  8. Registers Removed During Synthesis
  9. General Register Statistics
 10. Inverted Register Statistics
 11. Elapsed Time Per Partition
 12. Analysis & Synthesis Messages



----------------
; Legal Notice ;
----------------
Copyright (C) 1991-2013 Altera Corporation
Your use of Altera Corporation's design tools, logic functions 
and other software and tools, and its AMPP partner logic 
functions, and any output files from any of the foregoing 
(including device programming or simulation files), and any 
associated documentation or information are expressly subject 
to the terms and conditions of the Altera Program License 
Subscription Agreement, Altera MegaCore Function License 
Agreement, or other applicable license agreement, including, 
without limitation, that your use is for the sole purpose of 
programming logic devices manufactured by Altera and sold by 
Altera or its authorized distributors.  Please refer to the 
applicable agreement for further details.



+--------------------------------------------------------------------------------------+
; Analysis & Synthesis Summary                                                         ;
+------------------------------------+-------------------------------------------------+
; Analysis & Synthesis Status        ; Successful - Thu Apr 20 11:30:14 2023           ;
; Quartus II 64-Bit Version          ; 13.0.1 Build 232 06/12/2013 SP 1 SJ Web Edition ;
; Revision Name                      ; Uni_Projektas                                   ;
; Top-level Entity Name              ; MRAM_TEST                                       ;
; Family                             ; Cyclone II                                      ;
; Total logic elements               ; 122                                             ;
;     Total combinational functions  ; 91                                              ;
;     Dedicated logic registers      ; 72                                              ;
; Total registers                    ; 72                                              ;
; Total pins                         ; 40                                              ;
; Total virtual pins                 ; 0                                               ;
; Total memory bits                  ; 0                                               ;
; Embedded Multiplier 9-bit elements ; 0                                               ;
; Total PLLs                         ; 0                                               ;
+------------------------------------+-------------------------------------------------+


+----------------------------------------------------------------------------------------------------------------------+
; Analysis & Synthesis Settings                                                                                        ;
+----------------------------------------------------------------------------+--------------------+--------------------+
; Option                                                                     ; Setting            ; Default Value      ;
+----------------------------------------------------------------------------+--------------------+--------------------+
; Device                                                                     ; EP2C5T144C8        ;                    ;
; Top-level entity name                                                      ; MRAM_TEST          ; Uni_Projektas      ;
; Family name                                                                ; Cyclone II         ; Cyclone IV GX      ;
; Use smart compilation                                                      ; On                 ; Off                ;
; Restructure Multiplexers                                                   ; Off                ; Auto               ;
; Optimization Technique                                                     ; Speed              ; Balanced           ;
; Perform WYSIWYG Primitive Resynthesis                                      ; On                 ; Off                ;
; Auto Shift Register Replacement                                            ; Always             ; Auto               ;
; Timing-Driven Synthesis                                                    ; On                 ; Off                ;
; Enable parallel Assembler and TimeQuest Timing Analyzer during compilation ; On                 ; On                 ;
; Enable compact report table                                                ; Off                ; Off                ;
; Create Debugging Nodes for IP Cores                                        ; Off                ; Off                ;
; Preserve fewer node names                                                  ; On                 ; On                 ;
; Disable OpenCore Plus hardware evaluation                                  ; Off                ; Off                ;
; Verilog Version                                                            ; Verilog_2001       ; Verilog_2001       ;
; VHDL Version                                                               ; VHDL_1993          ; VHDL_1993          ;
; State Machine Processing                                                   ; Auto               ; Auto               ;
; Safe State Machine                                                         ; Off                ; Off                ;
; Extract Verilog State Machines                                             ; On                 ; On                 ;
; Extract VHDL State Machines                                                ; On                 ; On                 ;
; Ignore Verilog initial constructs                                          ; Off                ; Off                ;
; Iteration limit for constant Verilog loops                                 ; 5000               ; 5000               ;
; Iteration limit for non-constant Verilog loops                             ; 250                ; 250                ;
; Add Pass-Through Logic to Inferred RAMs                                    ; On                 ; On                 ;
; Infer RAMs from Raw Logic                                                  ; On                 ; On                 ;
; Parallel Synthesis                                                         ; On                 ; On                 ;
; DSP Block Balancing                                                        ; Auto               ; Auto               ;
; NOT Gate Push-Back                                                         ; On                 ; On                 ;
; Power-Up Don't Care                                                        ; On                 ; On                 ;
; Remove Redundant Logic Cells                                               ; Off                ; Off                ;
; Remove Duplicate Registers                                                 ; On                 ; On                 ;
; Ignore CARRY Buffers                                                       ; Off                ; Off                ;
; Ignore CASCADE Buffers                                                     ; Off                ; Off                ;
; Ignore GLOBAL Buffers                                                      ; Off                ; Off                ;
; Ignore ROW GLOBAL Buffers                                                  ; Off                ; Off                ;
; Ignore LCELL Buffers                                                       ; Off                ; Off                ;
; Ignore SOFT Buffers                                                        ; On                 ; On                 ;
; Limit AHDL Integers to 32 Bits                                             ; Off                ; Off                ;
; Carry Chain Length                                                         ; 70                 ; 70                 ;
; Auto Carry Chains                                                          ; On                 ; On                 ;
; Auto Open-Drain Pins                                                       ; On                 ; On                 ;
; Auto ROM Replacement                                                       ; On                 ; On                 ;
; Auto RAM Replacement                                                       ; On                 ; On                 ;
; Allow Shift Register Merging across Hierarchies                            ; Auto               ; Auto               ;
; Auto Clock Enable Replacement                                              ; On                 ; On                 ;
; Strict RAM Replacement                                                     ; Off                ; Off                ;
; Allow Synchronous Control Signals                                          ; On                 ; On                 ;
; Force Use of Synchronous Clear Signals                                     ; Off                ; Off                ;
; Auto RAM to Logic Cell Conversion                                          ; Off                ; Off                ;
; Auto Resource Sharing                                                      ; Off                ; Off                ;
; Allow Any RAM Size For Recognition                                         ; Off                ; Off                ;
; Allow Any ROM Size For Recognition                                         ; Off                ; Off                ;
; Allow Any Shift Register Size For Recognition                              ; Off                ; Off                ;
; Use LogicLock Constraints during Resource Balancing                        ; On                 ; On                 ;
; Ignore translate_off and synthesis_off directives                          ; Off                ; Off                ;
; Report Parameter Settings                                                  ; On                 ; On                 ;
; Report Source Assignments                                                  ; On                 ; On                 ;
; Report Connectivity Checks                                                 ; On                 ; On                 ;
; Ignore Maximum Fan-Out Assignments                                         ; Off                ; Off                ;
; Synchronization Register Chain Length                                      ; 2                  ; 2                  ;
; PowerPlay Power Optimization                                               ; Normal compilation ; Normal compilation ;
; HDL message level                                                          ; Level2             ; Level2             ;
; Suppress Register Optimization Related Messages                            ; Off                ; Off                ;
; Number of Removed Registers Reported in Synthesis Report                   ; 5000               ; 5000               ;
; Number of Swept Nodes Reported in Synthesis Report                         ; 5000               ; 5000               ;
; Number of Inverted Registers Reported in Synthesis Report                  ; 100                ; 100                ;
; Clock MUX Protection                                                       ; On                 ; On                 ;
; Auto Gated Clock Conversion                                                ; Off                ; Off                ;
; Block Design Naming                                                        ; Auto               ; Auto               ;
; SDC constraint protection                                                  ; Off                ; Off                ;
; Synthesis Effort                                                           ; Auto               ; Auto               ;
; Shift Register Replacement - Allow Asynchronous Clear Signal               ; On                 ; On                 ;
; Pre-Mapping Resynthesis Optimization                                       ; Off                ; Off                ;
; Analysis & Synthesis Message Level                                         ; Medium             ; Medium             ;
; Disable Register Merging Across Hierarchies                                ; Auto               ; Auto               ;
; Resource Aware Inference For Block RAM                                     ; On                 ; On                 ;
; Synthesis Seed                                                             ; 1                  ; 1                  ;
+----------------------------------------------------------------------------+--------------------+--------------------+


Parallel compilation was disabled, but you have multiple processors available. Enable parallel compilation to reduce compilation time.
+-------------------------------------+
; Parallel Compilation                ;
+----------------------------+--------+
; Processors                 ; Number ;
+----------------------------+--------+
; Number detected on machine ; 12     ;
; Maximum allowed            ; 1      ;
+----------------------------+--------+


+----------------------------------------------------------------------------------------------------------------------------------------------+
; Analysis & Synthesis Source Files Read                                                                                                       ;
+----------------------------------+-----------------+-----------------+-------------------------------------------------------------+---------+
; File Name with User-Entered Path ; Used in Netlist ; File Type       ; File Name with Absolute Path                                ; Library ;
+----------------------------------+-----------------+-----------------+-------------------------------------------------------------+---------+
; MRAM_TEST.vhd                    ; yes             ; User VHDL File  ; C:/Users/simon/Desktop/UNI/VHDL/Uni_Projektas/MRAM_TEST.vhd ;         ;
+----------------------------------+-----------------+-----------------+-------------------------------------------------------------+---------+


+-----------------------------------------------------+
; Analysis & Synthesis Resource Usage Summary         ;
+---------------------------------------------+-------+
; Resource                                    ; Usage ;
+---------------------------------------------+-------+
; Estimated Total logic elements              ; 122   ;
;                                             ;       ;
; Total combinational functions               ; 91    ;
; Logic element usage by number of LUT inputs ;       ;
;     -- 4 input functions                    ; 55    ;
;     -- 3 input functions                    ; 10    ;
;     -- <=2 input functions                  ; 26    ;
;                                             ;       ;
; Logic elements by mode                      ;       ;
;     -- normal mode                          ; 73    ;
;     -- arithmetic mode                      ; 18    ;
;                                             ;       ;
; Total registers                             ; 72    ;
;     -- Dedicated logic registers            ; 72    ;
;     -- I/O registers                        ; 0     ;
;                                             ;       ;
; I/O pins                                    ; 40    ;
; Embedded Multiplier 9-bit elements          ; 0     ;
; Maximum fan-out node                        ; CLK   ;
; Maximum fan-out                             ; 72    ;
; Total fan-out                               ; 533   ;
; Average fan-out                             ; 2.63  ;
+---------------------------------------------+-------+


+-----------------------------------------------------------------------------------------------------------------------------------------------------------------------------+
; Analysis & Synthesis Resource Utilization by Entity                                                                                                                         ;
+----------------------------+-------------------+--------------+-------------+--------------+---------+-----------+------+--------------+---------------------+--------------+
; Compilation Hierarchy Node ; LC Combinationals ; LC Registers ; Memory Bits ; DSP Elements ; DSP 9x9 ; DSP 18x18 ; Pins ; Virtual Pins ; Full Hierarchy Name ; Library Name ;
+----------------------------+-------------------+--------------+-------------+--------------+---------+-----------+------+--------------+---------------------+--------------+
; |MRAM_TEST                 ; 91 (91)           ; 72 (72)      ; 0           ; 0            ; 0       ; 0         ; 40   ; 0            ; |MRAM_TEST          ; work         ;
+----------------------------+-------------------+--------------+-------------+--------------+---------+-----------+------+--------------+---------------------+--------------+
Note: For table entries with two numbers listed, the numbers in parentheses indicate the number of resources of the given type used by the specific entity alone. The numbers listed outside of parentheses indicate the total resources of the given type used by the specific entity and all of its sub-entities in the hierarchy.


+---------------------------------------------------------------------------------+
; Registers Removed During Synthesis                                              ;
+----------------------------------------+----------------------------------------+
; Register name                          ; Reason for Removal                     ;
+----------------------------------------+----------------------------------------+
; MRAM_D[15]~reg0                        ; Stuck at VCC due to stuck port data_in ;
; MRAM_D[14]~reg0                        ; Stuck at GND due to stuck port data_in ;
; MRAM_D[13]~reg0                        ; Stuck at VCC due to stuck port data_in ;
; MRAM_D[12]~reg0                        ; Stuck at GND due to stuck port data_in ;
; MRAM_D[11]~reg0                        ; Stuck at VCC due to stuck port data_in ;
; MRAM_D[10]~reg0                        ; Stuck at GND due to stuck port data_in ;
; MRAM_D[9]~reg0                         ; Stuck at VCC due to stuck port data_in ;
; MRAM_D[8]~reg0                         ; Stuck at GND due to stuck port data_in ;
; MRAM_D[7]~reg0                         ; Stuck at GND due to stuck port data_in ;
; MRAM_D[6]~reg0                         ; Stuck at VCC due to stuck port data_in ;
; MRAM_D[5]~reg0                         ; Stuck at GND due to stuck port data_in ;
; MRAM_D[4]~reg0                         ; Stuck at VCC due to stuck port data_in ;
; MRAM_D[3]~reg0                         ; Stuck at GND due to stuck port data_in ;
; MRAM_D[2]~reg0                         ; Stuck at GND due to stuck port data_in ;
; MRAM_D[1]~reg0                         ; Stuck at GND due to stuck port data_in ;
; MRAM_D[0]~reg0                         ; Stuck at GND due to stuck port data_in ;
; MRAM_A[16]~reg0                        ; Stuck at GND due to stuck port data_in ;
; MRAM_A[17]~reg0                        ; Stuck at GND due to stuck port data_in ;
; MRAM_UPPER_EN~reg0                     ; Merged with MRAM_LOWER_EN~reg0         ;
; Total Number of Removed Registers = 19 ;                                        ;
+----------------------------------------+----------------------------------------+


+------------------------------------------------------+
; General Register Statistics                          ;
+----------------------------------------------+-------+
; Statistic                                    ; Value ;
+----------------------------------------------+-------+
; Total registers                              ; 72    ;
; Number of registers using Synchronous Clear  ; 0     ;
; Number of registers using Synchronous Load   ; 0     ;
; Number of registers using Asynchronous Clear ; 0     ;
; Number of registers using Asynchronous Load  ; 0     ;
; Number of registers using Clock Enable       ; 51    ;
; Number of registers using Preset             ; 0     ;
+----------------------------------------------+-------+


+--------------------------------------------------+
; Inverted Register Statistics                     ;
+----------------------------------------+---------+
; Inverted Register                      ; Fan out ;
+----------------------------------------+---------+
; MRAM_EN~reg0                           ; 2       ;
; MRAM_OUTPUT_EN~reg0                    ; 2       ;
; MRAM_WRITE_EN~reg0                     ; 2       ;
; MRAM_LOWER_EN~reg0                     ; 3       ;
; Total number of inverted registers = 4 ;         ;
+----------------------------------------+---------+


+-------------------------------+
; Elapsed Time Per Partition    ;
+----------------+--------------+
; Partition Name ; Elapsed Time ;
+----------------+--------------+
; Top            ; 00:00:00     ;
+----------------+--------------+


+-------------------------------+
; Analysis & Synthesis Messages ;
+-------------------------------+
Info: *******************************************************************
Info: Running Quartus II 64-Bit Analysis & Synthesis
    Info: Version 13.0.1 Build 232 06/12/2013 Service Pack 1 SJ Web Edition
    Info: Processing started: Thu Apr 20 11:30:12 2023
Info: Command: quartus_map --read_settings_files=on --write_settings_files=off Uni_Projektas -c Uni_Projektas
Warning (20028): Parallel compilation is not licensed and has been disabled
Info (12021): Found 2 design units, including 1 entities, in source file wizard_pll.vhd
    Info (12022): Found design unit 1: wizard_pll-SYN
    Info (12023): Found entity 1: wizard_pll
Info (12021): Found 2 design units, including 1 entities, in source file adc_manager.vhd
    Info (12022): Found design unit 1: ADC_Manager-arc
    Info (12023): Found entity 1: ADC_Manager
Info (12021): Found 2 design units, including 1 entities, in source file correlation_function.vhd
    Info (12022): Found design unit 1: Correlation_function-arc1
    Info (12023): Found entity 1: Correlation_function
Info (12021): Found 2 design units, including 1 entities, in source file wizard_ram.vhd
    Info (12022): Found design unit 1: wizard_ram-SYN
    Info (12023): Found entity 1: wizard_ram
Info (12021): Found 2 design units, including 1 entities, in source file uni_projektas.vhd
    Info (12022): Found design unit 1: UNI_Projektas-arc
    Info (12023): Found entity 1: UNI_Projektas
Info (12021): Found 2 design units, including 1 entities, in source file clock_divider.vhd
    Info (12022): Found design unit 1: Clock_divider-arc
    Info (12023): Found entity 1: Clock_divider
Info (12021): Found 2 design units, including 1 entities, in source file big_ram_wizard.vhd
    Info (12022): Found design unit 1: big_ram_wizard-SYN
    Info (12023): Found entity 1: big_ram_wizard
Info (12021): Found 2 design units, including 1 entities, in source file adc_ram_shifter.vhd
    Info (12022): Found design unit 1: ADC_ram_shifter-arc
    Info (12023): Found entity 1: ADC_ram_shifter
Info (12021): Found 2 design units, including 1 entities, in source file uart_controller.vhd
    Info (12022): Found design unit 1: UART_Controller-arc
    Info (12023): Found entity 1: UART_Controller
Info (12021): Found 2 design units, including 1 entities, in source file uart_tx.vhd
    Info (12022): Found design unit 1: UART_TX-arc
    Info (12023): Found entity 1: UART_TX
Info (12021): Found 2 design units, including 1 entities, in source file uart_fifo_wizard.vhd
    Info (12022): Found design unit 1: uart_fifo_wizard-SYN
    Info (12023): Found entity 1: UART_FIFO_wizard
Info (12021): Found 2 design units, including 1 entities, in source file testbenchas.vhd
    Info (12022): Found design unit 1: Testbenchas-UNI_Projektas_arch
    Info (12023): Found entity 1: Testbenchas
Info (12021): Found 2 design units, including 1 entities, in source file correlation_gate.vhd
    Info (12022): Found design unit 1: Correlation_Gate-arc
    Info (12023): Found entity 1: Correlation_Gate
Info (12021): Found 2 design units, including 1 entities, in source file uart_rx.vhd
    Info (12022): Found design unit 1: UART_RX-arc
    Info (12023): Found entity 1: UART_RX
Info (12021): Found 2 design units, including 1 entities, in source file corr_func_rom_1.vhd
    Info (12022): Found design unit 1: corr_func_rom_1-SYN
    Info (12023): Found entity 1: corr_func_rom_1
Info (12021): Found 2 design units, including 1 entities, in source file spi_controller.vhd
    Info (12022): Found design unit 1: SPI_Controller-arc
    Info (12023): Found entity 1: SPI_Controller
Info (12021): Found 2 design units, including 1 entities, in source file spi_tx.vhd
    Info (12022): Found design unit 1: SPI_TX-arc
    Info (12023): Found entity 1: SPI_TX
Info (12021): Found 2 design units, including 1 entities, in source file wizard_spi_fifo.vhd
    Info (12022): Found design unit 1: wizard_spi_fifo-SYN
    Info (12023): Found entity 1: wizard_spi_fifo
Info (12021): Found 2 design units, including 1 entities, in source file spi_test_projektas.vhd
    Info (12022): Found design unit 1: SPI_Test_projektas-arc
    Info (12023): Found entity 1: SPI_Test_projektas
Info (12021): Found 2 design units, including 1 entities, in source file mram_controller.vhd
    Info (12022): Found design unit 1: MRAM_Controller-arc
    Info (12023): Found entity 1: MRAM_Controller
Info (12021): Found 2 design units, including 1 entities, in source file state_manager.vhd
    Info (12022): Found design unit 1: STATE_MANAGER-arc
    Info (12023): Found entity 1: STATE_MANAGER
Info (12021): Found 2 design units, including 1 entities, in source file setup_manager.vhd
    Info (12022): Found design unit 1: Setup_manager-arc
    Info (12023): Found entity 1: Setup_manager
Info (12021): Found 2 design units, including 1 entities, in source file read_adc_manager.vhd
    Info (12022): Found design unit 1: Read_adc_manager-arc
    Info (12023): Found entity 1: Read_adc_manager
Info (12021): Found 2 design units, including 1 entities, in source file write_out_mram_manager.vhd
    Info (12022): Found design unit 1: Write_out_mram_manager-arc
    Info (12023): Found entity 1: Write_out_mram_manager
Info (12021): Found 2 design units, including 1 entities, in source file multi_or.vhd
    Info (12022): Found design unit 1: Multi_OR-arc1
    Info (12023): Found entity 1: Multi_OR
Info (12021): Found 2 design units, including 1 entities, in source file mram_test.vhd
    Info (12022): Found design unit 1: MRAM_TEST-arc
    Info (12023): Found entity 1: MRAM_TEST
Info (12127): Elaborating entity "MRAM_TEST" for the top level hierarchy
Info (17026): Resynthesizing 0 WYSIWYG logic cells and I/Os using "speed" technology mapper which leaves 0 WYSIWYG logic cells and I/Os untouched
Warning (13024): Output pins are stuck at VCC or GND
    Warning (13410): Pin "MRAM_A[16]" is stuck at GND
    Warning (13410): Pin "MRAM_A[17]" is stuck at GND
Info (286030): Timing-Driven Synthesis is running
Info (16010): Generating hard_block partition "hard_block:auto_generated_inst"
    Info (16011): Adding 0 node(s), including 0 DDIO, 0 PLL, 0 transceiver and 0 LCELL
Info (21057): Implemented 163 device resources after synthesis - the final resource count might be different
    Info (21058): Implemented 1 input pins
    Info (21059): Implemented 23 output pins
    Info (21060): Implemented 16 bidirectional pins
    Info (21061): Implemented 123 logic cells
Info: Quartus II 64-Bit Analysis & Synthesis was successful. 0 errors, 4 warnings
    Info: Peak virtual memory: 4632 megabytes
    Info: Processing ended: Thu Apr 20 11:30:14 2023
    Info: Elapsed time: 00:00:02
    Info: Total CPU time (on all processors): 00:00:01


