------------------------------------------------------------
TimeQuest Timing Analyzer Summary
------------------------------------------------------------

Type  : Slow Model Setup 'CLK'
Slack : -29.128
TNS   : -16655.907

Type  : Slow Model Setup 'Clock_divider:clock_divider1|clock_out'
Slack : -7.105
TNS   : -2120.145

Type  : Slow Model Hold 'CLK'
Slack : 0.499
TNS   : 0.000

Type  : Slow Model Hold 'Clock_divider:clock_divider1|clock_out'
Slack : 0.499
TNS   : 0.000

Type  : Slow Model Minimum Pulse Width 'CLK'
Slack : -2.567
TNS   : -2370.157

Type  : Slow Model Minimum Pulse Width 'Clock_divider:clock_divider1|clock_out'
Slack : -2.269
TNS   : -752.280

Type  : Fast Model Setup 'CLK'
Slack : -7.883
TNS   : -4749.797

Type  : Fast Model Setup 'Clock_divider:clock_divider1|clock_out'
Slack : -1.636
TNS   : -430.005

Type  : Fast Model Hold 'CLK'
Slack : 0.215
TNS   : 0.000

Type  : Fast Model Hold 'Clock_divider:clock_divider1|clock_out'
Slack : 0.215
TNS   : 0.000

Type  : Fast Model Minimum Pulse Width 'CLK'
Slack : -2.000
TNS   : -1610.676

Type  : Fast Model Minimum Pulse Width 'Clock_divider:clock_divider1|clock_out'
Slack : -1.519
TNS   : -506.608

------------------------------------------------------------
